All terms check, but 15 defs rely on unsafe or foreign code:
- WsPhase.event
- WsAttr.event
- prepare
- prepared_body
- mark
- check_equality
- check_message
- received
- receive_one
- receive_all
- attribution_begin
- timed
- warmed_received
- warmed
- main
bend 2.0.36 is available: run bend update
All terms check, but 15 defs rely on unsafe or foreign code:
- WsPhase.event
- WsAttr.event
- prepare
- prepared_body
- mark
- check_equality
- check_message
- received
- receive_one
- receive_all
- attribution_begin
- timed
- warmed_received
- warmed
- main
bend 2.0.36 is available: run bend update
